
> forest-trail@1.0.0 assets:toyota
> blender --background --threads 6 --python-exit-code 1 --python art/blender/vehicle_toyota_trail.py

INFO Draco mesh compression is available, use library at /data00/blender-4.5.12/4.5/scripts/addons_core/io_scene_gltf2/libextern_draco.so
13:17:19 | INFO: Starting glTF 2.0 export
13:17:19 | INFO: Extracting primitive: Body
13:17:19 | INFO: Primitives created: 20
13:17:19 | INFO: Extracting primitive: Wheel
13:17:19 | INFO: Primitives created: 4
13:17:19 | INFO: Extracting primitive: AxleFront
13:17:19 | INFO: Primitives created: 4
13:17:19 | INFO: Extracting primitive: AxleRear
13:17:19 | INFO: Primitives created: 2
13:17:19 | INFO: Extracting primitive: Spring
13:17:19 | INFO: Primitives created: 1
13:17:19 | INFO: Extracting primitive: ShockBody
13:17:19 | INFO: Primitives created: 3
13:17:19 | INFO: Extracting primitive: ShockRod
13:17:19 | INFO: Primitives created: 1
13:17:19 | INFO: Extracting primitive: BrakeFront
13:17:19 | INFO: Primitives created: 2
13:17:19 | INFO: Extracting primitive: BrakeRear
13:17:19 | INFO: Primitives created: 2
13:17:19 | INFO: Extracting primitive: Driveshaft
13:17:19 | INFO: Primitives created: 2
13:17:19 | INFO: Extracting primitive: Body.001
13:17:19 | INFO: Primitives created: 20
13:17:19 | INFO: Extracting primitive: Wheel_LOD1
13:17:19 | INFO: Primitives created: 3
13:17:19 | INFO: Finished glTF 2.0 export in 0.17850184440612793 s

CLEARANCE toyota {'rest': 'ok', 'bump_all': 'ok', 'droop_all': 'ok', 'cross_axle': 'ok', 'cross_axle_2': 'ok', 'lock_left_bump': 'ok', 'lock_right_bump': 'ok', 'lock_left_flex': 'ok', 'lock_right_flex': 'ok'}
TRAIL STUDY {"Body": 99264, "Wheel": 12736, "AxleFront": 2228, "AxleRear": 1960, "Spring": 1920, "ShockBody": 512, "ShockRod": 76, "BrakeFront": 1736, "BrakeRear": 2016, "Driveshaft": 160, "Body_LOD1": 43674, "Wheel_LOD1": 1598}
Blender 4.5.12 LTS (hash 84afd5f785f7 built 2026-07-21 01:31:22)
Fra:1 Mem:94.45M (Peak 100.07M) | Time:00:00.82 | Rendering 1 / 64 samples
Fra:1 Mem:94.45M (Peak 100.07M) | Time:00:01.02 | Rendering 25 / 64 samples
Fra:1 Mem:94.45M (Peak 100.07M) | Time:00:01.22 | Rendering 50 / 64 samples
Fra:1 Mem:94.45M (Peak 100.07M) | Time:00:01.33 | Rendering 64 / 64 samples
Saved: '/home/tiger/projects/coding-agent-evals/research/game-dev/forest-trail/game/art/studies/toyota-trail/02-curved-panels/build-20260926-051716/study-front.png'
Time: 00:01.59 (Saving: 00:00.22)

Fra:1 Mem:94.45M (Peak 100.08M) | Time:00:00.04 | Rendering 1 / 64 samples
Fra:1 Mem:94.45M (Peak 100.08M) | Time:00:00.22 | Rendering 25 / 64 samples
Fra:1 Mem:94.45M (Peak 100.08M) | Time:00:00.40 | Rendering 50 / 64 samples
Fra:1 Mem:94.45M (Peak 100.08M) | Time:00:00.50 | Rendering 64 / 64 samples
Saved: '/home/tiger/projects/coding-agent-evals/research/game-dev/forest-trail/game/art/studies/toyota-trail/02-curved-panels/build-20260926-051716/study-side.png'
Time: 00:00.66 (Saving: 00:00.12)

Fra:1 Mem:94.45M (Peak 100.08M) | Time:00:00.03 | Rendering 1 / 64 samples
Fra:1 Mem:94.45M (Peak 100.08M) | Time:00:00.22 | Rendering 25 / 64 samples
Fra:1 Mem:94.45M (Peak 100.08M) | Time:00:00.41 | Rendering 50 / 64 samples
Fra:1 Mem:94.45M (Peak 100.08M) | Time:00:00.51 | Rendering 64 / 64 samples
Saved: '/home/tiger/projects/coding-agent-evals/research/game-dev/forest-trail/game/art/studies/toyota-trail/02-curved-panels/build-20260926-051716/study-rear.png'
Time: 00:00.68 (Saving: 00:00.13)

Fra:1 Mem:94.37M (Peak 100.00M) | Time:00:00.03 | Rendering 1 / 64 samples
Fra:1 Mem:94.37M (Peak 100.00M) | Time:00:00.15 | Rendering 25 / 64 samples
Fra:1 Mem:94.37M (Peak 100.00M) | Time:00:00.26 | Rendering 50 / 64 samples
Fra:1 Mem:94.37M (Peak 100.00M) | Time:00:00.33 | Rendering 64 / 64 samples
Saved: '/home/tiger/projects/coding-agent-evals/research/game-dev/forest-trail/game/art/studies/toyota-trail/02-curved-panels/build-20260926-051716/study-under.png'
Time: 00:00.49 (Saving: 00:00.13)

Info: Saved as "vehicle_toyota_trail.blend"

Blender quit
