
> forest-trail@1.0.0 assets:toyota
> blender --background --threads 6 --python-exit-code 1 --python art/blender/vehicle_toyota_trail.py

INFO Draco mesh compression is available, use library at /data00/blender-4.5.12/4.5/scripts/addons_core/io_scene_gltf2/libextern_draco.so
14:43:40 | INFO: Starting glTF 2.0 export
14:43:40 | INFO: Extracting primitive: Body
14:43:40 | INFO: Primitives created: 21
14:43:40 | INFO: Extracting primitive: Wheel
14:43:40 | INFO: Primitives created: 4
14:43:40 | INFO: Extracting primitive: AxleFront
14:43:40 | INFO: Primitives created: 4
14:43:40 | INFO: Extracting primitive: AxleRear
14:43:40 | INFO: Primitives created: 2
14:43:40 | INFO: Extracting primitive: Spring
14:43:40 | INFO: Primitives created: 1
14:43:40 | INFO: Extracting primitive: ShockBody
14:43:40 | INFO: Primitives created: 3
14:43:40 | INFO: Extracting primitive: ShockRod
14:43:40 | INFO: Primitives created: 1
14:43:40 | INFO: Extracting primitive: BrakeFront
14:43:40 | INFO: Primitives created: 2
14:43:40 | INFO: Extracting primitive: BrakeRear
14:43:40 | INFO: Primitives created: 2
14:43:40 | INFO: Extracting primitive: Driveshaft
14:43:40 | INFO: Primitives created: 2
14:43:40 | INFO: Extracting primitive: Body.001
14:43:40 | INFO: Primitives created: 21
14:43:40 | INFO: Extracting primitive: Wheel_LOD1
14:43:40 | INFO: Primitives created: 3
14:43:40 | INFO: Finished glTF 2.0 export in 0.17816662788391113 s

CLEARANCE toyota {'rest': 'ok', 'bump_all': 'ok', 'droop_all': 'ok', 'cross_axle': 'ok', 'cross_axle_2': 'ok', 'lock_left_bump': 'ok', 'lock_right_bump': 'ok', 'lock_left_flex': 'ok', 'lock_right_flex': 'ok'}
TRAIL STUDY {"Body": 88562, "Wheel": 20512, "AxleFront": 2228, "AxleRear": 1960, "Spring": 1920, "ShockBody": 512, "ShockRod": 76, "BrakeFront": 1736, "BrakeRear": 2016, "Driveshaft": 160, "Body_LOD1": 38967, "Wheel_LOD1": 1598}
Blender 4.5.12 LTS (hash 84afd5f785f7 built 2026-07-21 01:31:22)
Fra:1 Mem:91.75M (Peak 96.89M) | Time:00:00.81 | Rendering 1 / 64 samples
Fra:1 Mem:91.75M (Peak 96.89M) | Time:00:01.00 | Rendering 25 / 64 samples
Fra:1 Mem:91.75M (Peak 96.89M) | Time:00:01.18 | Rendering 50 / 64 samples
Fra:1 Mem:91.75M (Peak 96.89M) | Time:00:01.28 | Rendering 64 / 64 samples
Saved: '/home/tiger/projects/coding-agent-evals/research/game-dev/forest-trail/game/art/studies/toyota-trail/05-tailgate-finish/build-20260926-064338/study-front.png'
Time: 00:01.57 (Saving: 00:00.24)

Fra:1 Mem:91.75M (Peak 96.90M) | Time:00:00.03 | Rendering 1 / 64 samples
Fra:1 Mem:91.75M (Peak 96.90M) | Time:00:00.13 | Rendering 25 / 64 samples
Fra:1 Mem:91.75M (Peak 96.90M) | Time:00:00.22 | Rendering 50 / 64 samples
Fra:1 Mem:91.75M (Peak 96.90M) | Time:00:00.26 | Rendering 64 / 64 samples
Saved: '/home/tiger/projects/coding-agent-evals/research/game-dev/forest-trail/game/art/studies/toyota-trail/05-tailgate-finish/build-20260926-064338/study-side.png'
Time: 00:00.44 (Saving: 00:00.13)

Fra:1 Mem:91.75M (Peak 96.90M) | Time:00:00.03 | Rendering 1 / 64 samples
Fra:1 Mem:91.75M (Peak 96.90M) | Time:00:00.22 | Rendering 25 / 64 samples
Fra:1 Mem:91.75M (Peak 96.90M) | Time:00:00.42 | Rendering 50 / 64 samples
Fra:1 Mem:91.75M (Peak 96.90M) | Time:00:00.55 | Rendering 64 / 64 samples
Saved: '/home/tiger/projects/coding-agent-evals/research/game-dev/forest-trail/game/art/studies/toyota-trail/05-tailgate-finish/build-20260926-064338/study-rear.png'
Time: 00:00.74 (Saving: 00:00.14)

Fra:1 Mem:91.67M (Peak 96.82M) | Time:00:00.03 | Rendering 1 / 64 samples
Fra:1 Mem:91.67M (Peak 96.82M) | Time:00:00.16 | Rendering 25 / 64 samples
Fra:1 Mem:91.67M (Peak 96.82M) | Time:00:00.27 | Rendering 50 / 64 samples
Fra:1 Mem:91.67M (Peak 96.82M) | Time:00:00.35 | Rendering 64 / 64 samples
Saved: '/home/tiger/projects/coding-agent-evals/research/game-dev/forest-trail/game/art/studies/toyota-trail/05-tailgate-finish/build-20260926-064338/study-under.png'
Time: 00:00.54 (Saving: 00:00.14)

Info: Saved as "vehicle_toyota_trail.blend"

Blender quit
