
> forest-trail@1.0.0 assets:toyota
> blender --background --threads 6 --python-exit-code 1 --python art/blender/vehicle_toyota_trail.py

INFO Draco mesh compression is available, use library at /data00/blender-4.5.12/4.5/scripts/addons_core/io_scene_gltf2/libextern_draco.so
14:45:58 | INFO: Starting glTF 2.0 export
14:45:58 | INFO: Extracting primitive: Body
14:45:58 | INFO: Primitives created: 21
14:45:59 | INFO: Extracting primitive: Wheel
14:45:59 | INFO: Primitives created: 4
14:45:59 | INFO: Extracting primitive: AxleFront
14:45:59 | INFO: Primitives created: 4
14:45:59 | INFO: Extracting primitive: AxleRear
14:45:59 | INFO: Primitives created: 2
14:45:59 | INFO: Extracting primitive: Spring
14:45:59 | INFO: Primitives created: 1
14:45:59 | INFO: Extracting primitive: ShockBody
14:45:59 | INFO: Primitives created: 3
14:45:59 | INFO: Extracting primitive: ShockRod
14:45:59 | INFO: Primitives created: 1
14:45:59 | INFO: Extracting primitive: BrakeFront
14:45:59 | INFO: Primitives created: 2
14:45:59 | INFO: Extracting primitive: BrakeRear
14:45:59 | INFO: Primitives created: 2
14:45:59 | INFO: Extracting primitive: Driveshaft
14:45:59 | INFO: Primitives created: 2
14:45:59 | INFO: Extracting primitive: Body.001
14:45:59 | INFO: Primitives created: 21
14:45:59 | INFO: Extracting primitive: Wheel_LOD1
14:45:59 | INFO: Primitives created: 3
14:45:59 | INFO: Finished glTF 2.0 export in 0.18508219718933105 s

CLEARANCE toyota {'rest': 'ok', 'bump_all': 'ok', 'droop_all': 'ok', 'cross_axle': 'ok', 'cross_axle_2': 'ok', 'lock_left_bump': 'ok', 'lock_right_bump': 'ok', 'lock_left_flex': 'ok', 'lock_right_flex': 'ok'}
TRAIL STUDY {"Body": 88818, "Wheel": 20512, "AxleFront": 2228, "AxleRear": 1960, "Spring": 1920, "ShockBody": 512, "ShockRod": 76, "BrakeFront": 1736, "BrakeRear": 2016, "Driveshaft": 160, "Body_LOD1": 39078, "Wheel_LOD1": 1598}
Blender 4.5.12 LTS (hash 84afd5f785f7 built 2026-07-21 01:31:22)
Fra:1 Mem:91.81M (Peak 96.96M) | Time:00:00.75 | Rendering 1 / 64 samples
Fra:1 Mem:91.81M (Peak 96.96M) | Time:00:00.98 | Rendering 25 / 64 samples
Fra:1 Mem:91.81M (Peak 96.96M) | Time:00:01.18 | Rendering 50 / 64 samples
Fra:1 Mem:91.81M (Peak 96.96M) | Time:00:01.31 | Rendering 64 / 64 samples
Saved: '/home/tiger/projects/coding-agent-evals/research/game-dev/forest-trail/game/art/studies/toyota-trail/05-tailgate-finish/build-20260926-064556/study-front.png'
Time: 00:01.61 (Saving: 00:00.24)

Fra:1 Mem:91.81M (Peak 96.98M) | Time:00:00.04 | Rendering 1 / 64 samples
Fra:1 Mem:91.81M (Peak 96.98M) | Time:00:00.20 | Rendering 25 / 64 samples
Fra:1 Mem:91.81M (Peak 96.98M) | Time:00:00.37 | Rendering 50 / 64 samples
Fra:1 Mem:91.81M (Peak 96.98M) | Time:00:00.47 | Rendering 64 / 64 samples
Saved: '/home/tiger/projects/coding-agent-evals/research/game-dev/forest-trail/game/art/studies/toyota-trail/05-tailgate-finish/build-20260926-064556/study-side.png'
Time: 00:00.66 (Saving: 00:00.14)

Fra:1 Mem:91.81M (Peak 96.98M) | Time:00:00.04 | Rendering 1 / 64 samples
Fra:1 Mem:91.81M (Peak 96.98M) | Time:00:00.21 | Rendering 25 / 64 samples
Fra:1 Mem:91.81M (Peak 96.98M) | Time:00:00.39 | Rendering 50 / 64 samples
Fra:1 Mem:91.81M (Peak 96.98M) | Time:00:00.49 | Rendering 64 / 64 samples
Saved: '/home/tiger/projects/coding-agent-evals/research/game-dev/forest-trail/game/art/studies/toyota-trail/05-tailgate-finish/build-20260926-064556/study-rear.png'
Time: 00:00.68 (Saving: 00:00.14)

Fra:1 Mem:91.73M (Peak 96.90M) | Time:00:00.03 | Rendering 1 / 64 samples
Fra:1 Mem:91.73M (Peak 96.90M) | Time:00:00.13 | Rendering 25 / 64 samples
Fra:1 Mem:91.73M (Peak 96.90M) | Time:00:00.23 | Rendering 50 / 64 samples
Fra:1 Mem:91.73M (Peak 96.90M) | Time:00:00.28 | Rendering 64 / 64 samples
Saved: '/home/tiger/projects/coding-agent-evals/research/game-dev/forest-trail/game/art/studies/toyota-trail/05-tailgate-finish/build-20260926-064556/study-under.png'
Time: 00:00.48 (Saving: 00:00.15)

Info: Saved as "vehicle_toyota_trail.blend"

Blender quit
