
> forest-trail@1.0.0 assets:toyota
> blender --background --threads 6 --python-exit-code 1 --python art/blender/vehicle_toyota_trail.py

INFO Draco mesh compression is available, use library at /data00/blender-4.5.12/4.5/scripts/addons_core/io_scene_gltf2/libextern_draco.so
13:41:19 | INFO: Starting glTF 2.0 export
13:41:19 | INFO: Extracting primitive: Body
13:41:19 | INFO: Primitives created: 20
13:41:19 | INFO: Extracting primitive: Wheel
13:41:19 | INFO: Primitives created: 4
13:41:19 | INFO: Extracting primitive: AxleFront
13:41:19 | INFO: Primitives created: 4
13:41:19 | INFO: Extracting primitive: AxleRear
13:41:19 | INFO: Primitives created: 2
13:41:19 | INFO: Extracting primitive: Spring
13:41:19 | INFO: Primitives created: 1
13:41:19 | INFO: Extracting primitive: ShockBody
13:41:19 | INFO: Primitives created: 3
13:41:19 | INFO: Extracting primitive: ShockRod
13:41:19 | INFO: Primitives created: 1
13:41:19 | INFO: Extracting primitive: BrakeFront
13:41:19 | INFO: Primitives created: 2
13:41:19 | INFO: Extracting primitive: BrakeRear
13:41:19 | INFO: Primitives created: 2
13:41:19 | INFO: Extracting primitive: Driveshaft
13:41:19 | INFO: Primitives created: 2
13:41:19 | WARNING: Mesh Body.001 is not valid, and may be exported wrongly
13:41:19 | INFO: Extracting primitive: Body.001
13:41:19 | INFO: Primitives created: 20
13:41:19 | INFO: Extracting primitive: Wheel_LOD1
13:41:19 | INFO: Primitives created: 3
13:41:19 | INFO: Finished glTF 2.0 export in 0.1620180606842041 s

CLEARANCE toyota {'rest': 'ok', 'bump_all': 'ok', 'droop_all': 'ok', 'cross_axle': 'ok', 'cross_axle_2': 'ok', 'lock_left_bump': 'ok', 'lock_right_bump': 'ok', 'lock_left_flex': 'ok', 'lock_right_flex': 'ok'}
TRAIL STUDY {"Body": 70058, "Wheel": 12736, "AxleFront": 2228, "AxleRear": 1960, "Spring": 1920, "ShockBody": 512, "ShockRod": 76, "BrakeFront": 1736, "BrakeRear": 2016, "Driveshaft": 160, "Body_LOD1": 30825, "Wheel_LOD1": 1598}
Blender 4.5.12 LTS (hash 84afd5f785f7 built 2026-07-21 01:31:22)
Fra:1 Mem:84.89M (Peak 88.97M) | Time:00:00.83 | Rendering 1 / 64 samples
Fra:1 Mem:84.89M (Peak 88.97M) | Time:00:01.02 | Rendering 25 / 64 samples
Fra:1 Mem:84.89M (Peak 88.97M) | Time:00:01.20 | Rendering 50 / 64 samples
Fra:1 Mem:84.89M (Peak 88.97M) | Time:00:01.31 | Rendering 64 / 64 samples
Saved: '/home/tiger/projects/coding-agent-evals/research/game-dev/forest-trail/game/art/studies/toyota-trail/03-flat-glazing/build-20260926-054117/study-front.png'
Time: 00:01.57 (Saving: 00:00.22)

Fra:1 Mem:84.90M (Peak 88.98M) | Time:00:00.04 | Rendering 1 / 64 samples
Fra:1 Mem:84.90M (Peak 88.98M) | Time:00:00.21 | Rendering 25 / 64 samples
Fra:1 Mem:84.90M (Peak 88.98M) | Time:00:00.39 | Rendering 50 / 64 samples
Fra:1 Mem:84.90M (Peak 88.98M) | Time:00:00.49 | Rendering 64 / 64 samples
Saved: '/home/tiger/projects/coding-agent-evals/research/game-dev/forest-trail/game/art/studies/toyota-trail/03-flat-glazing/build-20260926-054117/study-side.png'
Time: 00:00.66 (Saving: 00:00.13)

Fra:1 Mem:84.90M (Peak 88.98M) | Time:00:00.03 | Rendering 1 / 64 samples
Fra:1 Mem:84.90M (Peak 88.98M) | Time:00:00.21 | Rendering 25 / 64 samples
Fra:1 Mem:84.90M (Peak 88.98M) | Time:00:00.40 | Rendering 50 / 64 samples
Fra:1 Mem:84.90M (Peak 88.98M) | Time:00:00.51 | Rendering 64 / 64 samples
Saved: '/home/tiger/projects/coding-agent-evals/research/game-dev/forest-trail/game/art/studies/toyota-trail/03-flat-glazing/build-20260926-054117/study-rear.png'
Time: 00:00.68 (Saving: 00:00.13)

Fra:1 Mem:84.82M (Peak 88.90M) | Time:00:00.03 | Rendering 1 / 64 samples
Fra:1 Mem:84.82M (Peak 88.90M) | Time:00:00.14 | Rendering 25 / 64 samples
Fra:1 Mem:84.82M (Peak 88.90M) | Time:00:00.25 | Rendering 50 / 64 samples
Fra:1 Mem:84.82M (Peak 88.90M) | Time:00:00.31 | Rendering 64 / 64 samples
Saved: '/home/tiger/projects/coding-agent-evals/research/game-dev/forest-trail/game/art/studies/toyota-trail/03-flat-glazing/build-20260926-054117/study-under.png'
Time: 00:00.48 (Saving: 00:00.13)

Info: Saved as "vehicle_toyota_trail.blend"

Blender quit
