
> forest-trail@1.0.0 assets:toyota
> blender --background --threads 6 --python-exit-code 1 --python art/blender/vehicle_toyota_trail.py -- --no-preview

INFO Draco mesh compression is available, use library at /data00/blender-4.5.12/4.5/scripts/addons_core/io_scene_gltf2/libextern_draco.so
14:10:36 | INFO: Starting glTF 2.0 export
14:10:36 | INFO: Extracting primitive: Body
14:10:36 | INFO: Primitives created: 20
14:10:36 | INFO: Extracting primitive: Wheel
14:10:36 | INFO: Primitives created: 4
14:10:36 | INFO: Extracting primitive: AxleFront
14:10:36 | INFO: Primitives created: 4
14:10:36 | INFO: Extracting primitive: AxleRear
14:10:36 | INFO: Primitives created: 2
14:10:36 | INFO: Extracting primitive: Spring
14:10:36 | INFO: Primitives created: 1
14:10:36 | INFO: Extracting primitive: ShockBody
14:10:36 | INFO: Primitives created: 3
14:10:36 | INFO: Extracting primitive: ShockRod
14:10:36 | INFO: Primitives created: 1
14:10:36 | INFO: Extracting primitive: BrakeFront
14:10:36 | INFO: Primitives created: 2
14:10:36 | INFO: Extracting primitive: BrakeRear
14:10:36 | INFO: Primitives created: 2
14:10:36 | INFO: Extracting primitive: Driveshaft
14:10:36 | INFO: Primitives created: 2
14:10:36 | INFO: Extracting primitive: Body.001
14:10:36 | INFO: Primitives created: 20
14:10:36 | INFO: Extracting primitive: Wheel_LOD1
14:10:36 | INFO: Primitives created: 3
14:10:36 | INFO: Finished glTF 2.0 export in 0.16305017471313477 s

CLEARANCE toyota {'rest': 'ok', 'bump_all': 'ok', 'droop_all': 'ok', 'cross_axle': 'ok', 'cross_axle_2': 'ok', 'lock_left_bump': 'ok', 'lock_right_bump': 'ok', 'lock_left_flex': 'ok', 'lock_right_flex': 'ok'}
TRAIL STUDY {"Body": 79576, "Wheel": 20512, "AxleFront": 2228, "AxleRear": 1960, "Spring": 1920, "ShockBody": 512, "ShockRod": 76, "BrakeFront": 1736, "BrakeRear": 2016, "Driveshaft": 160, "Body_LOD1": 35013, "Wheel_LOD1": 1598}
Info: Saved as "vehicle_toyota_trail.blend"
Blender 4.5.12 LTS (hash 84afd5f785f7 built 2026-07-21 01:31:22)

Blender quit
