{
  "bodyLift": 0.05238986015319824,
  "variants": [
    {
      "name": "before",
      "supportedHeight": 0.32666666666666666,
      "settled": {
        "bodyHeight": 0.39674192667007446,
        "wheelLengths": [
          0.3191406250000003,
          0.3191406250000003,
          0.31476562500000027,
          0.31476562500000027
        ],
        "loads": [
          4710.93749999999,
          4710.93749999999,
          4868.437499999991,
          4868.437499999991
        ]
      }
    },
    {
      "name": "after",
      "supportedHeight": 0.41083333333333333,
      "settled": {
        "bodyHeight": 0.4491317868232727,
        "wheelLengths": [
          0.3327343750000002,
          0.3305468750000002,
          0.3272656250000003,
          0.3250781250000003
        ],
        "loads": [
          4951.289062500025,
          4390.195312500033,
          5103.867187499965,
          4914.648437499993
        ]
      }
    }
  ]
}
