
> forest-trail@1.0.0 assets:toyota
> blender --background --threads 6 --python-exit-code 1 --python art/blender/vehicle_toyota_trail.py

INFO Draco mesh compression is available, use library at /data00/blender-4.5.12/4.5/scripts/addons_core/io_scene_gltf2/libextern_draco.so
16:05:08 | INFO: Starting glTF 2.0 export
16:05:08 | INFO: Extracting primitive: Body
16:05:08 | INFO: Primitives created: 21
16:05:08 | INFO: Extracting primitive: Wheel
16:05:08 | INFO: Primitives created: 4
16:05:08 | INFO: Extracting primitive: AxleFront
16:05:08 | INFO: Primitives created: 4
16:05:08 | INFO: Extracting primitive: AxleRear
16:05:08 | INFO: Primitives created: 2
16:05:08 | INFO: Extracting primitive: Spring
16:05:08 | INFO: Primitives created: 1
16:05:08 | INFO: Extracting primitive: ShockBody
16:05:08 | INFO: Primitives created: 3
16:05:08 | INFO: Extracting primitive: ShockRod
16:05:08 | INFO: Primitives created: 1
16:05:08 | INFO: Extracting primitive: BrakeFront
16:05:08 | INFO: Primitives created: 2
16:05:08 | INFO: Extracting primitive: BrakeRear
16:05:08 | INFO: Primitives created: 2
16:05:08 | INFO: Extracting primitive: Driveshaft
16:05:08 | INFO: Primitives created: 2
16:05:08 | INFO: Extracting primitive: Body.001
16:05:08 | INFO: Primitives created: 21
16:05:08 | INFO: Extracting primitive: Wheel_LOD1
16:05:08 | INFO: Primitives created: 3
16:05:08 | INFO: Finished glTF 2.0 export in 0.1728682518005371 s

CLEARANCE toyota {'rest': 'ok', 'bump_all': 'ok', 'droop_all': 'ok', 'cross_axle': 'ok', 'cross_axle_2': 'ok', 'lock_left_bump': 'ok', 'lock_right_bump': 'ok', 'lock_left_flex': 'ok', 'lock_right_flex': 'ok'}
TRAIL STUDY {"Body": 88534, "Wheel": 20512, "AxleFront": 2228, "AxleRear": 1960, "Spring": 1920, "ShockBody": 512, "ShockRod": 76, "BrakeFront": 1736, "BrakeRear": 2016, "Driveshaft": 160, "Body_LOD1": 38953, "Wheel_LOD1": 1598}
Blender 4.5.12 LTS (hash 84afd5f785f7 built 2026-07-21 01:31:22)
Fra:1 Mem:91.77M (Peak 96.92M) | Time:00:00.54 | Rendering 1 / 64 samples
Fra:1 Mem:91.77M (Peak 96.92M) | Time:00:00.61 | Rendering 25 / 64 samples
Fra:1 Mem:91.77M (Peak 96.92M) | Time:00:00.68 | Rendering 50 / 64 samples
Fra:1 Mem:91.77M (Peak 96.92M) | Time:00:00.73 | Rendering 64 / 64 samples
Saved: '/home/tiger/projects/coding-agent-evals/research/game-dev/forest-trail/game/art/studies/toyota-trail/06-wheel-arch-balance/build-20260926-080506/study-front.png'
Time: 00:00.97 (Saving: 00:00.22)

Fra:1 Mem:91.77M (Peak 96.93M) | Time:00:00.02 | Rendering 1 / 64 samples
Fra:1 Mem:91.77M (Peak 96.93M) | Time:00:00.08 | Rendering 25 / 64 samples
Fra:1 Mem:91.77M (Peak 96.93M) | Time:00:00.14 | Rendering 50 / 64 samples
Fra:1 Mem:91.77M (Peak 96.93M) | Time:00:00.17 | Rendering 64 / 64 samples
Saved: '/home/tiger/projects/coding-agent-evals/research/game-dev/forest-trail/game/art/studies/toyota-trail/06-wheel-arch-balance/build-20260926-080506/study-side.png'
Time: 00:00.32 (Saving: 00:00.12)

Fra:1 Mem:91.77M (Peak 96.93M) | Time:00:00.02 | Rendering 1 / 64 samples
Fra:1 Mem:91.77M (Peak 96.93M) | Time:00:00.08 | Rendering 25 / 64 samples
Fra:1 Mem:91.77M (Peak 96.93M) | Time:00:00.15 | Rendering 50 / 64 samples
Fra:1 Mem:91.77M (Peak 96.93M) | Time:00:00.19 | Rendering 64 / 64 samples
Saved: '/home/tiger/projects/coding-agent-evals/research/game-dev/forest-trail/game/art/studies/toyota-trail/06-wheel-arch-balance/build-20260926-080506/study-rear.png'
Time: 00:00.35 (Saving: 00:00.12)

Fra:1 Mem:91.69M (Peak 96.85M) | Time:00:00.02 | Rendering 1 / 64 samples
Fra:1 Mem:91.69M (Peak 96.85M) | Time:00:00.05 | Rendering 25 / 64 samples
Fra:1 Mem:91.69M (Peak 96.85M) | Time:00:00.09 | Rendering 50 / 64 samples
Fra:1 Mem:91.69M (Peak 96.85M) | Time:00:00.11 | Rendering 64 / 64 samples
Saved: '/home/tiger/projects/coding-agent-evals/research/game-dev/forest-trail/game/art/studies/toyota-trail/06-wheel-arch-balance/build-20260926-080506/study-under.png'
Time: 00:00.26 (Saving: 00:00.13)

Info: Saved as "vehicle_toyota_trail.blend"

Blender quit
