
> forest-trail@1.0.0 assets:toyota
> blender --background --threads 6 --python-exit-code 1 --python art/blender/vehicle_toyota_trail.py

INFO Draco mesh compression is available, use library at /data00/blender-4.5.12/4.5/scripts/addons_core/io_scene_gltf2/libextern_draco.so
15:58:36 | INFO: Starting glTF 2.0 export
15:58:36 | INFO: Extracting primitive: Body
15:58:36 | INFO: Primitives created: 21
15:58:36 | INFO: Extracting primitive: Wheel
15:58:36 | INFO: Primitives created: 4
15:58:36 | INFO: Extracting primitive: AxleFront
15:58:36 | INFO: Primitives created: 4
15:58:36 | INFO: Extracting primitive: AxleRear
15:58:36 | INFO: Primitives created: 2
15:58:36 | INFO: Extracting primitive: Spring
15:58:36 | INFO: Primitives created: 1
15:58:36 | INFO: Extracting primitive: ShockBody
15:58:36 | INFO: Primitives created: 3
15:58:36 | INFO: Extracting primitive: ShockRod
15:58:36 | INFO: Primitives created: 1
15:58:36 | INFO: Extracting primitive: BrakeFront
15:58:36 | INFO: Primitives created: 2
15:58:36 | INFO: Extracting primitive: BrakeRear
15:58:36 | INFO: Primitives created: 2
15:58:36 | INFO: Extracting primitive: Driveshaft
15:58:36 | INFO: Primitives created: 2
15:58:36 | INFO: Extracting primitive: Body.001
15:58:36 | INFO: Primitives created: 21
15:58:36 | INFO: Extracting primitive: Wheel_LOD1
15:58:36 | INFO: Primitives created: 3
15:58:36 | INFO: Finished glTF 2.0 export in 0.1832141876220703 s

CLEARANCE toyota {'rest': 'ok', 'bump_all': 'ok', 'droop_all': 'ok', 'cross_axle': 'ok', 'cross_axle_2': 'ok', 'lock_left_bump': 'ok', 'lock_right_bump': 'ok', 'lock_left_flex': 'ok', 'lock_right_flex': 'ok'}
TRAIL STUDY {"Body": 88798, "Wheel": 20512, "AxleFront": 2228, "AxleRear": 1960, "Spring": 1920, "ShockBody": 512, "ShockRod": 76, "BrakeFront": 1736, "BrakeRear": 2016, "Driveshaft": 160, "Body_LOD1": 39070, "Wheel_LOD1": 1598}
Blender 4.5.12 LTS (hash 84afd5f785f7 built 2026-07-21 01:31:22)
Fra:1 Mem:91.83M (Peak 96.99M) | Time:00:00.56 | Rendering 1 / 64 samples
Fra:1 Mem:91.83M (Peak 96.99M) | Time:00:00.63 | Rendering 25 / 64 samples
Fra:1 Mem:91.83M (Peak 96.99M) | Time:00:00.71 | Rendering 50 / 64 samples
Fra:1 Mem:91.83M (Peak 96.99M) | Time:00:00.75 | Rendering 64 / 64 samples
Saved: '/home/tiger/projects/coding-agent-evals/research/game-dev/forest-trail/game/art/studies/toyota-trail/06-wheel-arch-balance/build-20260926-075834/study-front.png'
Time: 00:01.01 (Saving: 00:00.23)

Fra:1 Mem:91.83M (Peak 97.00M) | Time:00:00.02 | Rendering 1 / 64 samples
Fra:1 Mem:91.83M (Peak 97.00M) | Time:00:00.08 | Rendering 25 / 64 samples
Fra:1 Mem:91.83M (Peak 97.00M) | Time:00:00.14 | Rendering 50 / 64 samples
Fra:1 Mem:91.83M (Peak 97.00M) | Time:00:00.18 | Rendering 64 / 64 samples
Saved: '/home/tiger/projects/coding-agent-evals/research/game-dev/forest-trail/game/art/studies/toyota-trail/06-wheel-arch-balance/build-20260926-075834/study-side.png'
Time: 00:00.34 (Saving: 00:00.14)

Fra:1 Mem:91.83M (Peak 97.00M) | Time:00:00.02 | Rendering 1 / 64 samples
Fra:1 Mem:91.83M (Peak 97.00M) | Time:00:00.08 | Rendering 25 / 64 samples
Fra:1 Mem:91.83M (Peak 97.00M) | Time:00:00.15 | Rendering 50 / 64 samples
Fra:1 Mem:91.83M (Peak 97.00M) | Time:00:00.19 | Rendering 64 / 64 samples
Saved: '/home/tiger/projects/coding-agent-evals/research/game-dev/forest-trail/game/art/studies/toyota-trail/06-wheel-arch-balance/build-20260926-075834/study-rear.png'
Time: 00:00.35 (Saving: 00:00.12)

Fra:1 Mem:91.75M (Peak 96.92M) | Time:00:00.02 | Rendering 1 / 64 samples
Fra:1 Mem:91.75M (Peak 96.92M) | Time:00:00.05 | Rendering 25 / 64 samples
Fra:1 Mem:91.75M (Peak 96.92M) | Time:00:00.09 | Rendering 50 / 64 samples
Fra:1 Mem:91.75M (Peak 96.92M) | Time:00:00.11 | Rendering 64 / 64 samples
Saved: '/home/tiger/projects/coding-agent-evals/research/game-dev/forest-trail/game/art/studies/toyota-trail/06-wheel-arch-balance/build-20260926-075834/study-under.png'
Time: 00:00.26 (Saving: 00:00.13)

Info: Saved as "vehicle_toyota_trail.blend"

Blender quit
