{
  "bodyLift": -0.05878180265426636,
  "variants": [
    {
      "name": "before",
      "supportedHeight": 0.41083333333333333,
      "settled": {
        "bodyHeight": 0.4491317868232727,
        "wheelLengths": [
          0.3327343750000002,
          0.3305468750000002,
          0.3272656250000003,
          0.3250781250000003
        ],
        "loads": [
          4951.289062500025,
          4390.195312500033,
          5103.867187499965,
          4914.648437499993
        ]
      }
    },
    {
      "name": "after",
      "supportedHeight": 0.4766666666666667,
      "settled": {
        "bodyHeight": 0.39034998416900635,
        "wheelLengths": [
          0.2747656250000003,
          0.2747656250000003,
          0.26710937500000015,
          0.26710937500000015
        ],
        "loads": [
          4704.6874999999945,
          4317.499999999954,
          4857.812499999997,
          4470.625000000035
        ]
      }
    }
  ]
}
